// Jest Snapshot v1, https://goo.gl/fbAQLP

exports[`Register to app renders correctly 1`] = `
Object {
  "asFragment": [Function],
  "baseElement": <body>
    <div>
      <div
        class="container-fluid"
      >
        <div
          class="login-card col-4 pb-5 bg-white border rounded container"
        >
          <div
            class="logo-wrapper"
          >
            <img
              alt="logo"
              class="logo-img"
              height="200"
              src="LOGO-DOCTOR.png"
              width="200"
            />
          </div>
          <form
            class=""
          >
            <div
              class="mt-3 mb-3"
            >
              <input
                class="form-control"
                id="formBasicName"
                placeholder="Full name"
                required=""
                type="text"
              />
            </div>
            <div
              class="mb-3"
            >
              <input
                class="form-control"
                id="formBasicEmail"
                placeholder="Email address"
                required=""
                type="email"
              />
              <small
                class="text-muted form-text"
              >
                We will never share your email with anyone else.
              </small>
            </div>
            <div
              class="mb-3 text-center"
            >
              <button
                class="btn btn-success"
                type="submit"
              >
                Register
              </button>
            </div>
          </form>
          <div>
            <p>
              Already have an account?
               
              <span>
                <button
                  class="access-btn text-primary"
                  type="button"
                >
                  Login
                </button>
              </span>
            </p>
          </div>
        </div>
        <div
          class="carousel carousel slide"
        >
          <div
            class="carousel-indicators"
          >
            <button
              aria-current="true"
              aria-label="Slide 1"
              class="active"
              data-bs-target=""
              type="button"
            />
            <button
              aria-current="false"
              aria-label="Slide 2"
              data-bs-target=""
              type="button"
            />
            <button
              aria-current="false"
              aria-label="Slide 3"
              data-bs-target=""
              type="button"
            />
            <button
              aria-current="false"
              aria-label="Slide 4"
              data-bs-target=""
              type="button"
            />
            <button
              aria-current="false"
              aria-label="Slide 5"
              data-bs-target=""
              type="button"
            />
            <button
              aria-current="false"
              aria-label="Slide 6"
              data-bs-target=""
              type="button"
            />
            <button
              aria-current="false"
              aria-label="Slide 7"
              data-bs-target=""
              type="button"
            />
          </div>
          <div
            class="carousel-inner"
          >
            <div
              class="carousel-item active carousel-item"
            >
              <img
                alt="travel vacation"
                class="d-block w-100"
                src="https://images.unsplash.com/photo-1629909613654-28e377c37b09?ixlib=rb-4.0.3&ixid=MnwxMjA3fDB8MHxzZWFyY2h8Mnx8Y2xpbmljfGVufDB8fDB8fA%3D%3D&w=1000&q=80"
              />
            </div>
            <div
              class="carousel-item carousel-item"
            >
              <img
                alt="travel vacation"
                class="d-block w-100"
                src="https://e-clinic.co.uk/wordpress_new/wp-content/uploads/2021/09/Image-14-09-2021-at-13.59.jpg"
              />
            </div>
            <div
              class="carousel-item carousel-item"
            >
              <img
                alt="travel vacation"
                class="d-block w-100"
                src="https://firstmedcenters.com/wp-content/uploads/2022/07/English-speaking-clinic-FirstMed-V2-2.jpg"
              />
            </div>
            <div
              class="carousel-item carousel-item"
            >
              <img
                alt="travel vacation"
                class="d-block w-100"
                src="https://www.extraspace.com/blog/wp-content/uploads/2020/10/preparing-home-for-airbnb.jpg"
              />
            </div>
            <div
              class="carousel-item carousel-item"
            >
              <img
                alt="travel vacation"
                class="d-block w-100"
                src="https://img1.wsimg.com/isteam/stock/4810/:/cr=t:0%25,l:5.83%25,w:88.34%25,h:100%25"
              />
            </div>
            <div
              class="carousel-item carousel-item"
            >
              <img
                alt="travel vacation"
                class="d-block w-100"
                src="https://healthwaymedical.com/wp-content/uploads/2022/01/Medico-Clinic-Surgery-1024x681.jpg"
              />
            </div>
            <div
              class="carousel-item carousel-item"
            >
              <img
                alt="travel vacation"
                class="d-block w-100"
                src="https://www.carepointmedical.com.au/wp-content/uploads/2020/08/doctors_three.jpg"
              />
            </div>
          </div>
          <a
            class="carousel-control-prev"
            href="#"
            role="button"
            tabindex="0"
          >
            <span
              aria-hidden="true"
              class="carousel-control-prev-icon"
            />
            <span
              class="visually-hidden"
            >
              Previous
            </span>
          </a>
          <a
            class="carousel-control-next"
            href="#"
            role="button"
            tabindex="0"
          >
            <span
              aria-hidden="true"
              class="carousel-control-next-icon"
            />
            <span
              class="visually-hidden"
            >
              Next
            </span>
          </a>
        </div>
      </div>
    </div>
  </body>,
  "container": <div>
    <div
      class="container-fluid"
    >
      <div
        class="login-card col-4 pb-5 bg-white border rounded container"
      >
        <div
          class="logo-wrapper"
        >
          <img
            alt="logo"
            class="logo-img"
            height="200"
            src="LOGO-DOCTOR.png"
            width="200"
          />
        </div>
        <form
          class=""
        >
          <div
            class="mt-3 mb-3"
          >
            <input
              class="form-control"
              id="formBasicName"
              placeholder="Full name"
              required=""
              type="text"
            />
          </div>
          <div
            class="mb-3"
          >
            <input
              class="form-control"
              id="formBasicEmail"
              placeholder="Email address"
              required=""
              type="email"
            />
            <small
              class="text-muted form-text"
            >
              We will never share your email with anyone else.
            </small>
          </div>
          <div
            class="mb-3 text-center"
          >
            <button
              class="btn btn-success"
              type="submit"
            >
              Register
            </button>
          </div>
        </form>
        <div>
          <p>
            Already have an account?
             
            <span>
              <button
                class="access-btn text-primary"
                type="button"
              >
                Login
              </button>
            </span>
          </p>
        </div>
      </div>
      <div
        class="carousel carousel slide"
      >
        <div
          class="carousel-indicators"
        >
          <button
            aria-current="true"
            aria-label="Slide 1"
            class="active"
            data-bs-target=""
            type="button"
          />
          <button
            aria-current="false"
            aria-label="Slide 2"
            data-bs-target=""
            type="button"
          />
          <button
            aria-current="false"
            aria-label="Slide 3"
            data-bs-target=""
            type="button"
          />
          <button
            aria-current="false"
            aria-label="Slide 4"
            data-bs-target=""
            type="button"
          />
          <button
            aria-current="false"
            aria-label="Slide 5"
            data-bs-target=""
            type="button"
          />
          <button
            aria-current="false"
            aria-label="Slide 6"
            data-bs-target=""
            type="button"
          />
          <button
            aria-current="false"
            aria-label="Slide 7"
            data-bs-target=""
            type="button"
          />
        </div>
        <div
          class="carousel-inner"
        >
          <div
            class="carousel-item active carousel-item"
          >
            <img
              alt="travel vacation"
              class="d-block w-100"
              src="https://images.unsplash.com/photo-1629909613654-28e377c37b09?ixlib=rb-4.0.3&ixid=MnwxMjA3fDB8MHxzZWFyY2h8Mnx8Y2xpbmljfGVufDB8fDB8fA%3D%3D&w=1000&q=80"
            />
          </div>
          <div
            class="carousel-item carousel-item"
          >
            <img
              alt="travel vacation"
              class="d-block w-100"
              src="https://e-clinic.co.uk/wordpress_new/wp-content/uploads/2021/09/Image-14-09-2021-at-13.59.jpg"
            />
          </div>
          <div
            class="carousel-item carousel-item"
          >
            <img
              alt="travel vacation"
              class="d-block w-100"
              src="https://firstmedcenters.com/wp-content/uploads/2022/07/English-speaking-clinic-FirstMed-V2-2.jpg"
            />
          </div>
          <div
            class="carousel-item carousel-item"
          >
            <img
              alt="travel vacation"
              class="d-block w-100"
              src="https://www.extraspace.com/blog/wp-content/uploads/2020/10/preparing-home-for-airbnb.jpg"
            />
          </div>
          <div
            class="carousel-item carousel-item"
          >
            <img
              alt="travel vacation"
              class="d-block w-100"
              src="https://img1.wsimg.com/isteam/stock/4810/:/cr=t:0%25,l:5.83%25,w:88.34%25,h:100%25"
            />
          </div>
          <div
            class="carousel-item carousel-item"
          >
            <img
              alt="travel vacation"
              class="d-block w-100"
              src="https://healthwaymedical.com/wp-content/uploads/2022/01/Medico-Clinic-Surgery-1024x681.jpg"
            />
          </div>
          <div
            class="carousel-item carousel-item"
          >
            <img
              alt="travel vacation"
              class="d-block w-100"
              src="https://www.carepointmedical.com.au/wp-content/uploads/2020/08/doctors_three.jpg"
            />
          </div>
        </div>
        <a
          class="carousel-control-prev"
          href="#"
          role="button"
          tabindex="0"
        >
          <span
            aria-hidden="true"
            class="carousel-control-prev-icon"
          />
          <span
            class="visually-hidden"
          >
            Previous
          </span>
        </a>
        <a
          class="carousel-control-next"
          href="#"
          role="button"
          tabindex="0"
        >
          <span
            aria-hidden="true"
            class="carousel-control-next-icon"
          />
          <span
            class="visually-hidden"
          >
            Next
          </span>
        </a>
      </div>
    </div>
  </div>,
  "debug": [Function],
  "findAllByAltText": [Function],
  "findAllByDisplayValue": [Function],
  "findAllByLabelText": [Function],
  "findAllByPlaceholderText": [Function],
  "findAllByRole": [Function],
  "findAllByTestId": [Function],
  "findAllByText": [Function],
  "findAllByTitle": [Function],
  "findByAltText": [Function],
  "findByDisplayValue": [Function],
  "findByLabelText": [Function],
  "findByPlaceholderText": [Function],
  "findByRole": [Function],
  "findByTestId": [Function],
  "findByText": [Function],
  "findByTitle": [Function],
  "getAllByAltText": [Function],
  "getAllByDisplayValue": [Function],
  "getAllByLabelText": [Function],
  "getAllByPlaceholderText": [Function],
  "getAllByRole": [Function],
  "getAllByTestId": [Function],
  "getAllByText": [Function],
  "getAllByTitle": [Function],
  "getByAltText": [Function],
  "getByDisplayValue": [Function],
  "getByLabelText": [Function],
  "getByPlaceholderText": [Function],
  "getByRole": [Function],
  "getByTestId": [Function],
  "getByText": [Function],
  "getByTitle": [Function],
  "queryAllByAltText": [Function],
  "queryAllByDisplayValue": [Function],
  "queryAllByLabelText": [Function],
  "queryAllByPlaceholderText": [Function],
  "queryAllByRole": [Function],
  "queryAllByTestId": [Function],
  "queryAllByText": [Function],
  "queryAllByTitle": [Function],
  "queryByAltText": [Function],
  "queryByDisplayValue": [Function],
  "queryByLabelText": [Function],
  "queryByPlaceholderText": [Function],
  "queryByRole": [Function],
  "queryByTestId": [Function],
  "queryByText": [Function],
  "queryByTitle": [Function],
  "rerender": [Function],
  "unmount": [Function],
}
`;
